// Jest Snapshot v1, https://goo.gl/fbAQLP

exports[`Game container snapshot testing renders app module correctly 1`] = `ShallowWrapper {}`;
