// Jest Snapshot v1, https://goo.gl/fbAQLP

exports[`Game snapshot tests renders correctly 1`] = `ShallowWrapper {}`;
